==========================================
Starting Prompt Engineering Experiments
==========================================

========== CYBER_INTRUSION_DATA ==========

[2026-04-14 08:55:19] Starting: cyber_intrusion_data/with_xai.py inputs/system_prompt.input.json
[2026-04-14 09:27:45] Completed: cyber_intrusion_data/with_xai.py inputs/system_prompt.input.json

[2026-04-14 09:27:45] Starting: cyber_intrusion_data/with_xai.py inputs/context_prompt.input.json
[2026-04-14 10:05:33] Completed: cyber_intrusion_data/with_xai.py inputs/context_prompt.input.json

[2026-04-14 10:05:33] Starting: cyber_intrusion_data/with_xai.py inputs/role_based.input.json
[2026-04-14 10:44:34] Completed: cyber_intrusion_data/with_xai.py inputs/role_based.input.json

[2026-04-14 10:44:34] Starting: cyber_intrusion_data/with_xai.py inputs/few_shot.input.json
[2026-04-14 11:17:36] Completed: cyber_intrusion_data/with_xai.py inputs/few_shot.input.json

[2026-04-14 11:17:36] Starting: cyber_intrusion_data/with_xai.py inputs/cot.input.json
[2026-04-14 11:44:29] Completed: cyber_intrusion_data/with_xai.py inputs/cot.input.json

[2026-04-14 11:44:29] Starting: cyber_intrusion_data/without_xai.py inputs/system_prompt.input.json
[2026-04-14 12:27:13] Completed: cyber_intrusion_data/without_xai.py inputs/system_prompt.input.json

[2026-04-14 12:27:13] Starting: cyber_intrusion_data/without_xai.py inputs/context_prompt.input.json
[2026-04-14 13:01:53] Completed: cyber_intrusion_data/without_xai.py inputs/context_prompt.input.json

[2026-04-14 13:01:53] Starting: cyber_intrusion_data/without_xai.py inputs/role_based.input.json
[2026-04-14 13:40:41] Completed: cyber_intrusion_data/without_xai.py inputs/role_based.input.json

[2026-04-14 13:40:41] Starting: cyber_intrusion_data/without_xai.py inputs/few_shot.input.json
[2026-04-14 14:14:53] Completed: cyber_intrusion_data/without_xai.py inputs/few_shot.input.json

[2026-04-14 14:14:53] Starting: cyber_intrusion_data/without_xai.py inputs/cot.input.json
[2026-04-14 14:57:47] Completed: cyber_intrusion_data/without_xai.py inputs/cot.input.json

[2026-04-14 14:57:47] Starting: cyber_intrusion_data/without_xai.py inputs/self_consistency.input.json
[2026-04-14 16:39:10] Completed: cyber_intrusion_data/without_xai.py inputs/self_consistency.input.json

========== NSL_KDD ==========

[2026-04-14 16:39:10] Starting: NSL_KDD/with_xai.py inputs/system_prompt.input.json
[2026-04-14 17:32:28] Completed: NSL_KDD/with_xai.py inputs/system_prompt.input.json

[2026-04-14 17:32:28] Starting: NSL_KDD/with_xai.py inputs/context_prompt.input.json
[2026-04-14 18:15:40] Completed: NSL_KDD/with_xai.py inputs/context_prompt.input.json

[2026-04-14 18:15:40] Starting: NSL_KDD/with_xai.py inputs/role_based.input.json
